// Jest Snapshot v1, https://goo.gl/fbAQLP

exports[`<Button /> 渲染快照 1`] = `
<View
  accessible={true}
  isTVSelectable={true}
  onResponderGrant={[Function]}
  onResponderMove={[Function]}
  onResponderRelease={[Function]}
  onResponderTerminate={[Function]}
  onResponderTerminationRequest={[Function]}
  onStartShouldSetResponder={[Function]}
  style={
    Object {
      "backgroundColor": "rgb(0, 188, 113)",
      "height": 50,
      "paddingLeft": 12,
      "paddingRight": 12,
      "width": 750,
    }
  }
>
  <View
    style={
      Object {
        "flex": 1,
        "flexDirection": "row",
        "justifyContent": "center",
        "paddingBottom": 0,
      }
    }
  >
    <View
      style={
        Object {
          "justifyContent": "center",
        }
      }
    >
      <Text
        numberOfLines={1}
        style={
          Object {
            "color": "#fff",
            "fontSize": 16,
            "textAlign": "center",
          }
        }
      >
        按钮
      </Text>
    </View>
  </View>
</View>
`;
